// Jest Snapshot v1, https://goo.gl/fbAQLP

exports[`<Board /> should match snapshot 1`] = `
<div
  className="Board-boardMargin-1"
/>
`;
